// Jest Snapshot v1, https://goo.gl/fbAQLP

exports[`App should render when still loading 1`] = `
<DocumentFragment>
  <div
    class="App"
  >
    <h1
      class="title"
    >
      Exercise List App
    </h1>
    <label
      class="switch"
    >
      <input
        id="togBtn"
        type="checkbox"
      />
      <div
        class="slider round"
      >
        <span
          class="male"
        >
          Male
        </span>
        <span
          class="female"
        >
          Female
        </span>
      </div>
    </label>
    <div
      class="loader"
    >
      Loading...
    </div>
  </div>
</DocumentFragment>
`;
